// Jest Snapshot v1, https://goo.gl/fbAQLP

exports[`Storyshots Button Default 1`] = `
<button
  className="p-button p-component  "
>
  <span
    className="p-button-label p-c"
  >
    My Button
  </span>
</button>
`;

exports[`Storyshots Button Default Disabled 1`] = `
<button
  className="p-button p-component  p-disabled"
>
  <span
    className="p-button-label p-c"
  >
    My Button
  </span>
</button>
`;

exports[`Storyshots Button Secondary 1`] = `
<button
  className="p-button p-component p-button-secondary "
>
  <span
    className="p-button-label p-c"
  >
    My Button
  </span>
</button>
`;

exports[`Storyshots Button Secondary Disabled 1`] = `
<button
  className="p-button p-component p-button-secondary p-disabled"
>
  <span
    className="p-button-label p-c"
  >
    My Button
  </span>
</button>
`;

exports[`Storyshots Button Success 1`] = `
<button
  className="p-button p-component p-button-success "
>
  <span
    className="p-button-label p-c"
  >
    My Button
  </span>
</button>
`;

exports[`Storyshots Button Success Disabled 1`] = `
<button
  className="p-button p-component p-button-success p-disabled"
>
  <span
    className="p-button-label p-c"
  >
    My Button
  </span>
</button>
`;

exports[`Storyshots ButtonPK Default 1`] = `
<button
  className="p-button p-component p-4 mx-2 rounded-full text-white outline-none hover:opacity-75 cursor-pointer  "
>
  <span
    className="p-button-label p-c"
  >
    My Button
  </span>
</button>
`;

exports[`Storyshots ButtonPK Default Disabled 1`] = `
<button
  className="p-button p-component p-4 mx-2 rounded-full text-white outline-none hover:opacity-75 cursor-pointer  p-disabled"
>
  <span
    className="p-button-label p-c"
  >
    My Button
  </span>
</button>
`;

exports[`Storyshots ButtonPK Secondary 1`] = `
<button
  className="p-button p-component p-4 mx-2 rounded-full text-white outline-none hover:opacity-75 cursor-pointer p-button-secondary "
>
  <span
    className="p-button-label p-c"
  >
    My Button
  </span>
</button>
`;

exports[`Storyshots ButtonPK Secondary Disabled 1`] = `
<button
  className="p-button p-component p-4 mx-2 rounded-full text-white outline-none hover:opacity-75 cursor-pointer p-button-secondary p-disabled"
>
  <span
    className="p-button-label p-c"
  >
    My Button
  </span>
</button>
`;

exports[`Storyshots ButtonPK Success 1`] = `
<button
  className="p-button p-component p-4 mx-2 rounded-full text-white outline-none hover:opacity-75 cursor-pointer p-button-success "
>
  <span
    className="p-button-label p-c"
  >
    My Button
  </span>
</button>
`;

exports[`Storyshots ButtonPK Success Disabled 1`] = `
<button
  className="p-button p-component p-4 mx-2 rounded-full text-white outline-none hover:opacity-75 cursor-pointer p-button-success p-disabled"
>
  <span
    className="p-button-label p-c"
  >
    My Button
  </span>
</button>
`;

exports[`Storyshots DataTable Default 1`] = `
<div
  className="datatable-style-demo"
>
  <div
    className="card"
  >
    <div
      className="p-datatable p-component"
      data-scrollselectors=".p-datatable-scrollable-body, .p-datatable-unfrozen-view .p-datatable-scrollable-body"
      id={null}
      style={null}
    >
      <div
        className="p-datatable-wrapper"
      >
        <table
          className={null}
          role="grid"
          style={null}
        >
          <thead
            className="p-datatable-thead"
          >
            <tr>
              <th
                aria-sort={null}
                className=""
                colSpan={null}
                onClick={[Function]}
                onDragLeave={[Function]}
                onDragOver={[Function]}
                onDragStart={[Function]}
                onDrop={[Function]}
                onKeyDown={[Function]}
                onMouseDown={[Function]}
                rowSpan={null}
                style={null}
                tabIndex={null}
              >
                <span
                  className="p-column-title"
                >
                  Code
                </span>
              </th>
              <th
                aria-sort={null}
                className=""
                colSpan={null}
                onClick={[Function]}
                onDragLeave={[Function]}
                onDragOver={[Function]}
                onDragStart={[Function]}
                onDrop={[Function]}
                onKeyDown={[Function]}
                onMouseDown={[Function]}
                rowSpan={null}
                style={null}
                tabIndex={null}
              >
                <span
                  className="p-column-title"
                >
                  Name
                </span>
              </th>
              <th
                aria-sort={null}
                className=""
                colSpan={null}
                onClick={[Function]}
                onDragLeave={[Function]}
                onDragOver={[Function]}
                onDragStart={[Function]}
                onDrop={[Function]}
                onKeyDown={[Function]}
                onMouseDown={[Function]}
                rowSpan={null}
                style={null}
                tabIndex={null}
              >
                <span
                  className="p-column-title"
                >
                  Category
                </span>
              </th>
              <th
                aria-sort={null}
                className=""
                colSpan={null}
                onClick={[Function]}
                onDragLeave={[Function]}
                onDragOver={[Function]}
                onDragStart={[Function]}
                onDrop={[Function]}
                onKeyDown={[Function]}
                onMouseDown={[Function]}
                rowSpan={null}
                style={null}
                tabIndex={null}
              >
                <span
                  className="p-column-title"
                >
                  Quantity
                </span>
              </th>
            </tr>
          </thead>
          <tbody
            className="p-datatable-tbody"
          >
            <tr
              className="row-accessories"
              onClick={[Function]}
              onContextMenu={[Function]}
              onDoubleClick={[Function]}
              onDragEnd={[Function]}
              onDragLeave={[Function]}
              onDragOver={[Function]}
              onDragStart={[Function]}
              onDrop={[Function]}
              onKeyDown={[Function]}
              onMouseDown={[Function]}
              onTouchEnd={[Function]}
              style={Object {}}
              tabIndex={null}
            >
              <td
                className=""
                onBlur={[Function]}
                onClick={[Function]}
                onKeyDown={[Function]}
                style={null}
              >
                f230fh0g3
              </td>
              <td
                className=""
                onBlur={[Function]}
                onClick={[Function]}
                onKeyDown={[Function]}
                style={null}
              >
                Bamboo Watch
              </td>
              <td
                className=""
                onBlur={[Function]}
                onClick={[Function]}
                onKeyDown={[Function]}
                style={null}
              >
                Accessories
              </td>
              <td
                className=""
                onBlur={[Function]}
                onClick={[Function]}
                onKeyDown={[Function]}
                style={null}
              >
                <div
                  className="instock"
                >
                  24
                </div>
              </td>
            </tr>
            <tr
              className="row-accessories"
              onClick={[Function]}
              onContextMenu={[Function]}
              onDoubleClick={[Function]}
              onDragEnd={[Function]}
              onDragLeave={[Function]}
              onDragOver={[Function]}
              onDragStart={[Function]}
              onDrop={[Function]}
              onKeyDown={[Function]}
              onMouseDown={[Function]}
              onTouchEnd={[Function]}
              style={Object {}}
              tabIndex={null}
            >
              <td
                className=""
                onBlur={[Function]}
                onClick={[Function]}
                onKeyDown={[Function]}
                style={null}
              >
                nvklal433
              </td>
              <td
                className=""
                onBlur={[Function]}
                onClick={[Function]}
                onKeyDown={[Function]}
                style={null}
              >
                Black Watch
              </td>
              <td
                className=""
                onBlur={[Function]}
                onClick={[Function]}
                onKeyDown={[Function]}
                style={null}
              >
                Accessories
              </td>
              <td
                className=""
                onBlur={[Function]}
                onClick={[Function]}
                onKeyDown={[Function]}
                style={null}
              >
                <div
                  className="instock"
                >
                  61
                </div>
              </td>
            </tr>
            <tr
              className=""
              onClick={[Function]}
              onContextMenu={[Function]}
              onDoubleClick={[Function]}
              onDragEnd={[Function]}
              onDragLeave={[Function]}
              onDragOver={[Function]}
              onDragStart={[Function]}
              onDrop={[Function]}
              onKeyDown={[Function]}
              onMouseDown={[Function]}
              onTouchEnd={[Function]}
              style={Object {}}
              tabIndex={null}
            >
              <td
                className=""
                onBlur={[Function]}
                onClick={[Function]}
                onKeyDown={[Function]}
                style={null}
              >
                zz21cz3c1
              </td>
              <td
                className=""
                onBlur={[Function]}
                onClick={[Function]}
                onKeyDown={[Function]}
                style={null}
              >
                Blue Band
              </td>
              <td
                className=""
                onBlur={[Function]}
                onClick={[Function]}
                onKeyDown={[Function]}
                style={null}
              >
                Fitness
              </td>
              <td
                className=""
                onBlur={[Function]}
                onClick={[Function]}
                onKeyDown={[Function]}
                style={null}
              >
                <div
                  className="lowstock"
                >
                  2
                </div>
              </td>
            </tr>
            <tr
              className=""
              onClick={[Function]}
              onContextMenu={[Function]}
              onDoubleClick={[Function]}
              onDragEnd={[Function]}
              onDragLeave={[Function]}
              onDragOver={[Function]}
              onDragStart={[Function]}
              onDrop={[Function]}
              onKeyDown={[Function]}
              onMouseDown={[Function]}
              onTouchEnd={[Function]}
              style={Object {}}
              tabIndex={null}
            >
              <td
                className=""
                onBlur={[Function]}
                onClick={[Function]}
                onKeyDown={[Function]}
                style={null}
              >
                244wgerg2
              </td>
              <td
                className=""
                onBlur={[Function]}
                onClick={[Function]}
                onKeyDown={[Function]}
                style={null}
              >
                Blue T-Shirt
              </td>
              <td
                className=""
                onBlur={[Function]}
                onClick={[Function]}
                onKeyDown={[Function]}
                style={null}
              >
                Clothing
              </td>
              <td
                className=""
                onBlur={[Function]}
                onClick={[Function]}
                onKeyDown={[Function]}
                style={null}
              >
                <div
                  className="instock"
                >
                  25
                </div>
              </td>
            </tr>
            <tr
              className="row-accessories"
              onClick={[Function]}
              onContextMenu={[Function]}
              onDoubleClick={[Function]}
              onDragEnd={[Function]}
              onDragLeave={[Function]}
              onDragOver={[Function]}
              onDragStart={[Function]}
              onDrop={[Function]}
              onKeyDown={[Function]}
              onMouseDown={[Function]}
              onTouchEnd={[Function]}
              style={Object {}}
              tabIndex={null}
            >
              <td
                className=""
                onBlur={[Function]}
                onClick={[Function]}
                onKeyDown={[Function]}
                style={null}
              >
                h456wer53
              </td>
              <td
                className=""
                onBlur={[Function]}
                onClick={[Function]}
                onKeyDown={[Function]}
                style={null}
              >
                Bracelet
              </td>
              <td
                className=""
                onBlur={[Function]}
                onClick={[Function]}
                onKeyDown={[Function]}
                style={null}
              >
                Accessories
              </td>
              <td
                className=""
                onBlur={[Function]}
                onClick={[Function]}
                onKeyDown={[Function]}
                style={null}
              >
                <div
                  className="instock"
                >
                  73
                </div>
              </td>
            </tr>
            <tr
              className="row-accessories"
              onClick={[Function]}
              onContextMenu={[Function]}
              onDoubleClick={[Function]}
              onDragEnd={[Function]}
              onDragLeave={[Function]}
              onDragOver={[Function]}
              onDragStart={[Function]}
              onDrop={[Function]}
              onKeyDown={[Function]}
              onMouseDown={[Function]}
              onTouchEnd={[Function]}
              style={Object {}}
              tabIndex={null}
            >
              <td
                className=""
                onBlur={[Function]}
                onClick={[Function]}
                onKeyDown={[Function]}
                style={null}
              >
                av2231fwg
              </td>
              <td
                className=""
                onBlur={[Function]}
                onClick={[Function]}
                onKeyDown={[Function]}
                style={null}
              >
                Brown Purse
              </td>
              <td
                className=""
                onBlur={[Function]}
                onClick={[Function]}
                onKeyDown={[Function]}
                style={null}
              >
                Accessories
              </td>
              <td
                className=""
                onBlur={[Function]}
                onClick={[Function]}
                onKeyDown={[Function]}
                style={null}
              >
                <div
                  className="outofstock"
                >
                  0
                </div>
              </td>
            </tr>
            <tr
              className="row-accessories"
              onClick={[Function]}
              onContextMenu={[Function]}
              onDoubleClick={[Function]}
              onDragEnd={[Function]}
              onDragLeave={[Function]}
              onDragOver={[Function]}
              onDragStart={[Function]}
              onDrop={[Function]}
              onKeyDown={[Function]}
              onMouseDown={[Function]}
              onTouchEnd={[Function]}
              style={Object {}}
              tabIndex={null}
            >
              <td
                className=""
                onBlur={[Function]}
                onClick={[Function]}
                onKeyDown={[Function]}
                style={null}
              >
                bib36pfvm
              </td>
              <td
                className=""
                onBlur={[Function]}
                onClick={[Function]}
                onKeyDown={[Function]}
                style={null}
              >
                Chakra Bracelet
              </td>
              <td
                className=""
                onBlur={[Function]}
                onClick={[Function]}
                onKeyDown={[Function]}
                style={null}
              >
                Accessories
              </td>
              <td
                className=""
                onBlur={[Function]}
                onClick={[Function]}
                onKeyDown={[Function]}
                style={null}
              >
                <div
                  className="lowstock"
                >
                  5
                </div>
              </td>
            </tr>
            <tr
              className="row-accessories"
              onClick={[Function]}
              onContextMenu={[Function]}
              onDoubleClick={[Function]}
              onDragEnd={[Function]}
              onDragLeave={[Function]}
              onDragOver={[Function]}
              onDragStart={[Function]}
              onDrop={[Function]}
              onKeyDown={[Function]}
              onMouseDown={[Function]}
              onTouchEnd={[Function]}
              style={Object {}}
              tabIndex={null}
            >
              <td
                className=""
                onBlur={[Function]}
                onClick={[Function]}
                onKeyDown={[Function]}
                style={null}
              >
                mbvjkgip5
              </td>
              <td
                className=""
                onBlur={[Function]}
                onClick={[Function]}
                onKeyDown={[Function]}
                style={null}
              >
                Galaxy Earrings
              </td>
              <td
                className=""
                onBlur={[Function]}
                onClick={[Function]}
                onKeyDown={[Function]}
                style={null}
              >
                Accessories
              </td>
              <td
                className=""
                onBlur={[Function]}
                onClick={[Function]}
                onKeyDown={[Function]}
                style={null}
              >
                <div
                  className="instock"
                >
                  23
                </div>
              </td>
            </tr>
            <tr
              className=""
              onClick={[Function]}
              onContextMenu={[Function]}
              onDoubleClick={[Function]}
              onDragEnd={[Function]}
              onDragLeave={[Function]}
              onDragOver={[Function]}
              onDragStart={[Function]}
              onDrop={[Function]}
              onKeyDown={[Function]}
              onMouseDown={[Function]}
              onTouchEnd={[Function]}
              style={Object {}}
              tabIndex={null}
            >
              <td
                className=""
                onBlur={[Function]}
                onClick={[Function]}
                onKeyDown={[Function]}
                style={null}
              >
                vbb124btr
              </td>
              <td
                className=""
                onBlur={[Function]}
                onClick={[Function]}
                onKeyDown={[Function]}
                style={null}
              >
                Game Controller
              </td>
              <td
                className=""
                onBlur={[Function]}
                onClick={[Function]}
                onKeyDown={[Function]}
                style={null}
              >
                Electronics
              </td>
              <td
                className=""
                onBlur={[Function]}
                onClick={[Function]}
                onKeyDown={[Function]}
                style={null}
              >
                <div
                  className="lowstock"
                >
                  2
                </div>
              </td>
            </tr>
            <tr
              className=""
              onClick={[Function]}
              onContextMenu={[Function]}
              onDoubleClick={[Function]}
              onDragEnd={[Function]}
              onDragLeave={[Function]}
              onDragOver={[Function]}
              onDragStart={[Function]}
              onDrop={[Function]}
              onKeyDown={[Function]}
              onMouseDown={[Function]}
              onTouchEnd={[Function]}
              style={Object {}}
              tabIndex={null}
            >
              <td
                className=""
                onBlur={[Function]}
                onClick={[Function]}
                onKeyDown={[Function]}
                style={null}
              >
                cm230f032
              </td>
              <td
                className=""
                onBlur={[Function]}
                onClick={[Function]}
                onKeyDown={[Function]}
                style={null}
              >
                Gaming Set
              </td>
              <td
                className=""
                onBlur={[Function]}
                onClick={[Function]}
                onKeyDown={[Function]}
                style={null}
              >
                Electronics
              </td>
              <td
                className=""
                onBlur={[Function]}
                onClick={[Function]}
                onKeyDown={[Function]}
                style={null}
              >
                <div
                  className="instock"
                >
                  63
                </div>
              </td>
            </tr>
          </tbody>
        </table>
      </div>
    </div>
  </div>
</div>
`;

exports[`Storyshots DataTablePK Default 1`] = `
<div
  className="datatable-style-demo"
>
  <div
    className="card"
  >
    <div
      className="p-datatable p-component"
      data-scrollselectors=".p-datatable-scrollable-body, .p-datatable-unfrozen-view .p-datatable-scrollable-body"
      id={null}
      style={null}
    >
      <div
        className="p-datatable-wrapper"
      >
        <table
          className={null}
          role="grid"
          style={null}
        >
          <thead
            className="p-datatable-thead"
          >
            <tr>
              <th
                aria-sort={null}
                className=""
                colSpan={null}
                onClick={[Function]}
                onDragLeave={[Function]}
                onDragOver={[Function]}
                onDragStart={[Function]}
                onDrop={[Function]}
                onKeyDown={[Function]}
                onMouseDown={[Function]}
                rowSpan={null}
                style={null}
                tabIndex={null}
              >
                <span
                  className="p-column-title"
                >
                  Code
                </span>
              </th>
              <th
                aria-sort={null}
                className=""
                colSpan={null}
                onClick={[Function]}
                onDragLeave={[Function]}
                onDragOver={[Function]}
                onDragStart={[Function]}
                onDrop={[Function]}
                onKeyDown={[Function]}
                onMouseDown={[Function]}
                rowSpan={null}
                style={null}
                tabIndex={null}
              >
                <span
                  className="p-column-title"
                >
                  Name
                </span>
              </th>
              <th
                aria-sort={null}
                className=""
                colSpan={null}
                onClick={[Function]}
                onDragLeave={[Function]}
                onDragOver={[Function]}
                onDragStart={[Function]}
                onDrop={[Function]}
                onKeyDown={[Function]}
                onMouseDown={[Function]}
                rowSpan={null}
                style={null}
                tabIndex={null}
              >
                <span
                  className="p-column-title"
                >
                  Category
                </span>
              </th>
              <th
                aria-sort={null}
                className=""
                colSpan={null}
                onClick={[Function]}
                onDragLeave={[Function]}
                onDragOver={[Function]}
                onDragStart={[Function]}
                onDrop={[Function]}
                onKeyDown={[Function]}
                onMouseDown={[Function]}
                rowSpan={null}
                style={null}
                tabIndex={null}
              >
                <span
                  className="p-column-title"
                >
                  Quantity
                </span>
              </th>
            </tr>
          </thead>
          <tbody
            className="p-datatable-tbody"
          >
            <tr
              className=""
              onClick={[Function]}
              onContextMenu={[Function]}
              onDoubleClick={[Function]}
              onDragEnd={[Function]}
              onDragLeave={[Function]}
              onDragOver={[Function]}
              onDragStart={[Function]}
              onDrop={[Function]}
              onKeyDown={[Function]}
              onMouseDown={[Function]}
              onTouchEnd={[Function]}
              style={Object {}}
              tabIndex={null}
            >
              <td
                className=""
                onBlur={[Function]}
                onClick={[Function]}
                onKeyDown={[Function]}
                style={null}
              >
                f230fh0g3
              </td>
              <td
                className=""
                onBlur={[Function]}
                onClick={[Function]}
                onKeyDown={[Function]}
                style={null}
              >
                Bamboo Watch
              </td>
              <td
                className=""
                onBlur={[Function]}
                onClick={[Function]}
                onKeyDown={[Function]}
                style={null}
              >
                Accessories
              </td>
              <td
                className=""
                onBlur={[Function]}
                onClick={[Function]}
                onKeyDown={[Function]}
                style={null}
              >
                <div
                  className="instock"
                >
                  24
                </div>
              </td>
            </tr>
            <tr
              className=""
              onClick={[Function]}
              onContextMenu={[Function]}
              onDoubleClick={[Function]}
              onDragEnd={[Function]}
              onDragLeave={[Function]}
              onDragOver={[Function]}
              onDragStart={[Function]}
              onDrop={[Function]}
              onKeyDown={[Function]}
              onMouseDown={[Function]}
              onTouchEnd={[Function]}
              style={Object {}}
              tabIndex={null}
            >
              <td
                className=""
                onBlur={[Function]}
                onClick={[Function]}
                onKeyDown={[Function]}
                style={null}
              >
                nvklal433
              </td>
              <td
                className=""
                onBlur={[Function]}
                onClick={[Function]}
                onKeyDown={[Function]}
                style={null}
              >
                Black Watch
              </td>
              <td
                className=""
                onBlur={[Function]}
                onClick={[Function]}
                onKeyDown={[Function]}
                style={null}
              >
                Accessories
              </td>
              <td
                className=""
                onBlur={[Function]}
                onClick={[Function]}
                onKeyDown={[Function]}
                style={null}
              >
                <div
                  className="instock"
                >
                  61
                </div>
              </td>
            </tr>
            <tr
              className=""
              onClick={[Function]}
              onContextMenu={[Function]}
              onDoubleClick={[Function]}
              onDragEnd={[Function]}
              onDragLeave={[Function]}
              onDragOver={[Function]}
              onDragStart={[Function]}
              onDrop={[Function]}
              onKeyDown={[Function]}
              onMouseDown={[Function]}
              onTouchEnd={[Function]}
              style={Object {}}
              tabIndex={null}
            >
              <td
                className=""
                onBlur={[Function]}
                onClick={[Function]}
                onKeyDown={[Function]}
                style={null}
              >
                zz21cz3c1
              </td>
              <td
                className=""
                onBlur={[Function]}
                onClick={[Function]}
                onKeyDown={[Function]}
                style={null}
              >
                Blue Band
              </td>
              <td
                className=""
                onBlur={[Function]}
                onClick={[Function]}
                onKeyDown={[Function]}
                style={null}
              >
                Fitness
              </td>
              <td
                className=""
                onBlur={[Function]}
                onClick={[Function]}
                onKeyDown={[Function]}
                style={null}
              >
                <div
                  className="lowstock"
                >
                  2
                </div>
              </td>
            </tr>
            <tr
              className=""
              onClick={[Function]}
              onContextMenu={[Function]}
              onDoubleClick={[Function]}
              onDragEnd={[Function]}
              onDragLeave={[Function]}
              onDragOver={[Function]}
              onDragStart={[Function]}
              onDrop={[Function]}
              onKeyDown={[Function]}
              onMouseDown={[Function]}
              onTouchEnd={[Function]}
              style={Object {}}
              tabIndex={null}
            >
              <td
                className=""
                onBlur={[Function]}
                onClick={[Function]}
                onKeyDown={[Function]}
                style={null}
              >
                244wgerg2
              </td>
              <td
                className=""
                onBlur={[Function]}
                onClick={[Function]}
                onKeyDown={[Function]}
                style={null}
              >
                Blue T-Shirt
              </td>
              <td
                className=""
                onBlur={[Function]}
                onClick={[Function]}
                onKeyDown={[Function]}
                style={null}
              >
                Clothing
              </td>
              <td
                className=""
                onBlur={[Function]}
                onClick={[Function]}
                onKeyDown={[Function]}
                style={null}
              >
                <div
                  className="instock"
                >
                  25
                </div>
              </td>
            </tr>
            <tr
              className=""
              onClick={[Function]}
              onContextMenu={[Function]}
              onDoubleClick={[Function]}
              onDragEnd={[Function]}
              onDragLeave={[Function]}
              onDragOver={[Function]}
              onDragStart={[Function]}
              onDrop={[Function]}
              onKeyDown={[Function]}
              onMouseDown={[Function]}
              onTouchEnd={[Function]}
              style={Object {}}
              tabIndex={null}
            >
              <td
                className=""
                onBlur={[Function]}
                onClick={[Function]}
                onKeyDown={[Function]}
                style={null}
              >
                h456wer53
              </td>
              <td
                className=""
                onBlur={[Function]}
                onClick={[Function]}
                onKeyDown={[Function]}
                style={null}
              >
                Bracelet
              </td>
              <td
                className=""
                onBlur={[Function]}
                onClick={[Function]}
                onKeyDown={[Function]}
                style={null}
              >
                Accessories
              </td>
              <td
                className=""
                onBlur={[Function]}
                onClick={[Function]}
                onKeyDown={[Function]}
                style={null}
              >
                <div
                  className="instock"
                >
                  73
                </div>
              </td>
            </tr>
            <tr
              className="row-danger"
              onClick={[Function]}
              onContextMenu={[Function]}
              onDoubleClick={[Function]}
              onDragEnd={[Function]}
              onDragLeave={[Function]}
              onDragOver={[Function]}
              onDragStart={[Function]}
              onDrop={[Function]}
              onKeyDown={[Function]}
              onMouseDown={[Function]}
              onTouchEnd={[Function]}
              style={Object {}}
              tabIndex={null}
            >
              <td
                className=""
                onBlur={[Function]}
                onClick={[Function]}
                onKeyDown={[Function]}
                style={null}
              >
                av2231fwg
              </td>
              <td
                className=""
                onBlur={[Function]}
                onClick={[Function]}
                onKeyDown={[Function]}
                style={null}
              >
                Brown Purse
              </td>
              <td
                className=""
                onBlur={[Function]}
                onClick={[Function]}
                onKeyDown={[Function]}
                style={null}
              >
                Accessories
              </td>
              <td
                className=""
                onBlur={[Function]}
                onClick={[Function]}
                onKeyDown={[Function]}
                style={null}
              >
                <div
                  className="outofstock"
                >
                  <i
                    className="pi pi-exclamation-circle"
                  />
                </div>
              </td>
            </tr>
            <tr
              className=""
              onClick={[Function]}
              onContextMenu={[Function]}
              onDoubleClick={[Function]}
              onDragEnd={[Function]}
              onDragLeave={[Function]}
              onDragOver={[Function]}
              onDragStart={[Function]}
              onDrop={[Function]}
              onKeyDown={[Function]}
              onMouseDown={[Function]}
              onTouchEnd={[Function]}
              style={Object {}}
              tabIndex={null}
            >
              <td
                className=""
                onBlur={[Function]}
                onClick={[Function]}
                onKeyDown={[Function]}
                style={null}
              >
                bib36pfvm
              </td>
              <td
                className=""
                onBlur={[Function]}
                onClick={[Function]}
                onKeyDown={[Function]}
                style={null}
              >
                Chakra Bracelet
              </td>
              <td
                className=""
                onBlur={[Function]}
                onClick={[Function]}
                onKeyDown={[Function]}
                style={null}
              >
                Accessories
              </td>
              <td
                className=""
                onBlur={[Function]}
                onClick={[Function]}
                onKeyDown={[Function]}
                style={null}
              >
                <div
                  className="lowstock"
                >
                  5
                </div>
              </td>
            </tr>
            <tr
              className=""
              onClick={[Function]}
              onContextMenu={[Function]}
              onDoubleClick={[Function]}
              onDragEnd={[Function]}
              onDragLeave={[Function]}
              onDragOver={[Function]}
              onDragStart={[Function]}
              onDrop={[Function]}
              onKeyDown={[Function]}
              onMouseDown={[Function]}
              onTouchEnd={[Function]}
              style={Object {}}
              tabIndex={null}
            >
              <td
                className=""
                onBlur={[Function]}
                onClick={[Function]}
                onKeyDown={[Function]}
                style={null}
              >
                mbvjkgip5
              </td>
              <td
                className=""
                onBlur={[Function]}
                onClick={[Function]}
                onKeyDown={[Function]}
                style={null}
              >
                Galaxy Earrings
              </td>
              <td
                className=""
                onBlur={[Function]}
                onClick={[Function]}
                onKeyDown={[Function]}
                style={null}
              >
                Accessories
              </td>
              <td
                className=""
                onBlur={[Function]}
                onClick={[Function]}
                onKeyDown={[Function]}
                style={null}
              >
                <div
                  className="instock"
                >
                  23
                </div>
              </td>
            </tr>
            <tr
              className=""
              onClick={[Function]}
              onContextMenu={[Function]}
              onDoubleClick={[Function]}
              onDragEnd={[Function]}
              onDragLeave={[Function]}
              onDragOver={[Function]}
              onDragStart={[Function]}
              onDrop={[Function]}
              onKeyDown={[Function]}
              onMouseDown={[Function]}
              onTouchEnd={[Function]}
              style={Object {}}
              tabIndex={null}
            >
              <td
                className=""
                onBlur={[Function]}
                onClick={[Function]}
                onKeyDown={[Function]}
                style={null}
              >
                vbb124btr
              </td>
              <td
                className=""
                onBlur={[Function]}
                onClick={[Function]}
                onKeyDown={[Function]}
                style={null}
              >
                Game Controller
              </td>
              <td
                className=""
                onBlur={[Function]}
                onClick={[Function]}
                onKeyDown={[Function]}
                style={null}
              >
                Electronics
              </td>
              <td
                className=""
                onBlur={[Function]}
                onClick={[Function]}
                onKeyDown={[Function]}
                style={null}
              >
                <div
                  className="lowstock"
                >
                  2
                </div>
              </td>
            </tr>
            <tr
              className=""
              onClick={[Function]}
              onContextMenu={[Function]}
              onDoubleClick={[Function]}
              onDragEnd={[Function]}
              onDragLeave={[Function]}
              onDragOver={[Function]}
              onDragStart={[Function]}
              onDrop={[Function]}
              onKeyDown={[Function]}
              onMouseDown={[Function]}
              onTouchEnd={[Function]}
              style={Object {}}
              tabIndex={null}
            >
              <td
                className=""
                onBlur={[Function]}
                onClick={[Function]}
                onKeyDown={[Function]}
                style={null}
              >
                cm230f032
              </td>
              <td
                className=""
                onBlur={[Function]}
                onClick={[Function]}
                onKeyDown={[Function]}
                style={null}
              >
                Gaming Set
              </td>
              <td
                className=""
                onBlur={[Function]}
                onClick={[Function]}
                onKeyDown={[Function]}
                style={null}
              >
                Electronics
              </td>
              <td
                className=""
                onBlur={[Function]}
                onClick={[Function]}
                onKeyDown={[Function]}
                style={null}
              >
                <div
                  className="instock"
                >
                  63
                </div>
              </td>
            </tr>
          </tbody>
        </table>
      </div>
    </div>
  </div>
</div>
`;

exports[`Storyshots DataTablePK Reorder Columns 1`] = `
<div
  className="datatable-style-demo"
>
  <div
    className="card"
  >
    <div
      className="p-datatable p-component"
      data-scrollselectors=".p-datatable-scrollable-body, .p-datatable-unfrozen-view .p-datatable-scrollable-body"
      id={null}
      style={null}
    >
      <div
        className="p-datatable-wrapper"
      >
        <table
          className={null}
          role="grid"
          style={null}
        >
          <thead
            className="p-datatable-thead"
          >
            <tr>
              <th
                aria-sort={null}
                className=""
                colSpan={null}
                onClick={[Function]}
                onDragLeave={[Function]}
                onDragOver={[Function]}
                onDragStart={[Function]}
                onDrop={[Function]}
                onKeyDown={[Function]}
                onMouseDown={[Function]}
                rowSpan={null}
                style={null}
                tabIndex={null}
              >
                <span
                  className="p-column-title"
                >
                  Code
                </span>
              </th>
              <th
                aria-sort={null}
                className=""
                colSpan={null}
                onClick={[Function]}
                onDragLeave={[Function]}
                onDragOver={[Function]}
                onDragStart={[Function]}
                onDrop={[Function]}
                onKeyDown={[Function]}
                onMouseDown={[Function]}
                rowSpan={null}
                style={null}
                tabIndex={null}
              >
                <span
                  className="p-column-title"
                >
                  Name
                </span>
              </th>
              <th
                aria-sort={null}
                className=""
                colSpan={null}
                onClick={[Function]}
                onDragLeave={[Function]}
                onDragOver={[Function]}
                onDragStart={[Function]}
                onDrop={[Function]}
                onKeyDown={[Function]}
                onMouseDown={[Function]}
                rowSpan={null}
                style={null}
                tabIndex={null}
              >
                <span
                  className="p-column-title"
                >
                  Category
                </span>
              </th>
              <th
                aria-sort={null}
                className=""
                colSpan={null}
                onClick={[Function]}
                onDragLeave={[Function]}
                onDragOver={[Function]}
                onDragStart={[Function]}
                onDrop={[Function]}
                onKeyDown={[Function]}
                onMouseDown={[Function]}
                rowSpan={null}
                style={null}
                tabIndex={null}
              >
                <span
                  className="p-column-title"
                >
                  Quantity
                </span>
              </th>
            </tr>
          </thead>
          <tbody
            className="p-datatable-tbody"
          >
            <tr
              className=""
              onClick={[Function]}
              onContextMenu={[Function]}
              onDoubleClick={[Function]}
              onDragEnd={[Function]}
              onDragLeave={[Function]}
              onDragOver={[Function]}
              onDragStart={[Function]}
              onDrop={[Function]}
              onKeyDown={[Function]}
              onMouseDown={[Function]}
              onTouchEnd={[Function]}
              style={Object {}}
              tabIndex={null}
            >
              <td
                className=""
                onBlur={[Function]}
                onClick={[Function]}
                onKeyDown={[Function]}
                style={null}
              >
                f230fh0g3
              </td>
              <td
                className=""
                onBlur={[Function]}
                onClick={[Function]}
                onKeyDown={[Function]}
                style={null}
              >
                Bamboo Watch
              </td>
              <td
                className=""
                onBlur={[Function]}
                onClick={[Function]}
                onKeyDown={[Function]}
                style={null}
              >
                Accessories
              </td>
              <td
                className=""
                onBlur={[Function]}
                onClick={[Function]}
                onKeyDown={[Function]}
                style={null}
              >
                <div
                  className="instock"
                >
                  24
                </div>
              </td>
            </tr>
            <tr
              className=""
              onClick={[Function]}
              onContextMenu={[Function]}
              onDoubleClick={[Function]}
              onDragEnd={[Function]}
              onDragLeave={[Function]}
              onDragOver={[Function]}
              onDragStart={[Function]}
              onDrop={[Function]}
              onKeyDown={[Function]}
              onMouseDown={[Function]}
              onTouchEnd={[Function]}
              style={Object {}}
              tabIndex={null}
            >
              <td
                className=""
                onBlur={[Function]}
                onClick={[Function]}
                onKeyDown={[Function]}
                style={null}
              >
                nvklal433
              </td>
              <td
                className=""
                onBlur={[Function]}
                onClick={[Function]}
                onKeyDown={[Function]}
                style={null}
              >
                Black Watch
              </td>
              <td
                className=""
                onBlur={[Function]}
                onClick={[Function]}
                onKeyDown={[Function]}
                style={null}
              >
                Accessories
              </td>
              <td
                className=""
                onBlur={[Function]}
                onClick={[Function]}
                onKeyDown={[Function]}
                style={null}
              >
                <div
                  className="instock"
                >
                  61
                </div>
              </td>
            </tr>
            <tr
              className=""
              onClick={[Function]}
              onContextMenu={[Function]}
              onDoubleClick={[Function]}
              onDragEnd={[Function]}
              onDragLeave={[Function]}
              onDragOver={[Function]}
              onDragStart={[Function]}
              onDrop={[Function]}
              onKeyDown={[Function]}
              onMouseDown={[Function]}
              onTouchEnd={[Function]}
              style={Object {}}
              tabIndex={null}
            >
              <td
                className=""
                onBlur={[Function]}
                onClick={[Function]}
                onKeyDown={[Function]}
                style={null}
              >
                zz21cz3c1
              </td>
              <td
                className=""
                onBlur={[Function]}
                onClick={[Function]}
                onKeyDown={[Function]}
                style={null}
              >
                Blue Band
              </td>
              <td
                className=""
                onBlur={[Function]}
                onClick={[Function]}
                onKeyDown={[Function]}
                style={null}
              >
                Fitness
              </td>
              <td
                className=""
                onBlur={[Function]}
                onClick={[Function]}
                onKeyDown={[Function]}
                style={null}
              >
                <div
                  className="lowstock"
                >
                  2
                </div>
              </td>
            </tr>
            <tr
              className=""
              onClick={[Function]}
              onContextMenu={[Function]}
              onDoubleClick={[Function]}
              onDragEnd={[Function]}
              onDragLeave={[Function]}
              onDragOver={[Function]}
              onDragStart={[Function]}
              onDrop={[Function]}
              onKeyDown={[Function]}
              onMouseDown={[Function]}
              onTouchEnd={[Function]}
              style={Object {}}
              tabIndex={null}
            >
              <td
                className=""
                onBlur={[Function]}
                onClick={[Function]}
                onKeyDown={[Function]}
                style={null}
              >
                244wgerg2
              </td>
              <td
                className=""
                onBlur={[Function]}
                onClick={[Function]}
                onKeyDown={[Function]}
                style={null}
              >
                Blue T-Shirt
              </td>
              <td
                className=""
                onBlur={[Function]}
                onClick={[Function]}
                onKeyDown={[Function]}
                style={null}
              >
                Clothing
              </td>
              <td
                className=""
                onBlur={[Function]}
                onClick={[Function]}
                onKeyDown={[Function]}
                style={null}
              >
                <div
                  className="instock"
                >
                  25
                </div>
              </td>
            </tr>
            <tr
              className=""
              onClick={[Function]}
              onContextMenu={[Function]}
              onDoubleClick={[Function]}
              onDragEnd={[Function]}
              onDragLeave={[Function]}
              onDragOver={[Function]}
              onDragStart={[Function]}
              onDrop={[Function]}
              onKeyDown={[Function]}
              onMouseDown={[Function]}
              onTouchEnd={[Function]}
              style={Object {}}
              tabIndex={null}
            >
              <td
                className=""
                onBlur={[Function]}
                onClick={[Function]}
                onKeyDown={[Function]}
                style={null}
              >
                h456wer53
              </td>
              <td
                className=""
                onBlur={[Function]}
                onClick={[Function]}
                onKeyDown={[Function]}
                style={null}
              >
                Bracelet
              </td>
              <td
                className=""
                onBlur={[Function]}
                onClick={[Function]}
                onKeyDown={[Function]}
                style={null}
              >
                Accessories
              </td>
              <td
                className=""
                onBlur={[Function]}
                onClick={[Function]}
                onKeyDown={[Function]}
                style={null}
              >
                <div
                  className="instock"
                >
                  73
                </div>
              </td>
            </tr>
            <tr
              className="row-danger"
              onClick={[Function]}
              onContextMenu={[Function]}
              onDoubleClick={[Function]}
              onDragEnd={[Function]}
              onDragLeave={[Function]}
              onDragOver={[Function]}
              onDragStart={[Function]}
              onDrop={[Function]}
              onKeyDown={[Function]}
              onMouseDown={[Function]}
              onTouchEnd={[Function]}
              style={Object {}}
              tabIndex={null}
            >
              <td
                className=""
                onBlur={[Function]}
                onClick={[Function]}
                onKeyDown={[Function]}
                style={null}
              >
                av2231fwg
              </td>
              <td
                className=""
                onBlur={[Function]}
                onClick={[Function]}
                onKeyDown={[Function]}
                style={null}
              >
                Brown Purse
              </td>
              <td
                className=""
                onBlur={[Function]}
                onClick={[Function]}
                onKeyDown={[Function]}
                style={null}
              >
                Accessories
              </td>
              <td
                className=""
                onBlur={[Function]}
                onClick={[Function]}
                onKeyDown={[Function]}
                style={null}
              >
                <div
                  className="outofstock"
                >
                  <i
                    className="pi pi-exclamation-circle"
                  />
                </div>
              </td>
            </tr>
            <tr
              className=""
              onClick={[Function]}
              onContextMenu={[Function]}
              onDoubleClick={[Function]}
              onDragEnd={[Function]}
              onDragLeave={[Function]}
              onDragOver={[Function]}
              onDragStart={[Function]}
              onDrop={[Function]}
              onKeyDown={[Function]}
              onMouseDown={[Function]}
              onTouchEnd={[Function]}
              style={Object {}}
              tabIndex={null}
            >
              <td
                className=""
                onBlur={[Function]}
                onClick={[Function]}
                onKeyDown={[Function]}
                style={null}
              >
                bib36pfvm
              </td>
              <td
                className=""
                onBlur={[Function]}
                onClick={[Function]}
                onKeyDown={[Function]}
                style={null}
              >
                Chakra Bracelet
              </td>
              <td
                className=""
                onBlur={[Function]}
                onClick={[Function]}
                onKeyDown={[Function]}
                style={null}
              >
                Accessories
              </td>
              <td
                className=""
                onBlur={[Function]}
                onClick={[Function]}
                onKeyDown={[Function]}
                style={null}
              >
                <div
                  className="lowstock"
                >
                  5
                </div>
              </td>
            </tr>
            <tr
              className=""
              onClick={[Function]}
              onContextMenu={[Function]}
              onDoubleClick={[Function]}
              onDragEnd={[Function]}
              onDragLeave={[Function]}
              onDragOver={[Function]}
              onDragStart={[Function]}
              onDrop={[Function]}
              onKeyDown={[Function]}
              onMouseDown={[Function]}
              onTouchEnd={[Function]}
              style={Object {}}
              tabIndex={null}
            >
              <td
                className=""
                onBlur={[Function]}
                onClick={[Function]}
                onKeyDown={[Function]}
                style={null}
              >
                mbvjkgip5
              </td>
              <td
                className=""
                onBlur={[Function]}
                onClick={[Function]}
                onKeyDown={[Function]}
                style={null}
              >
                Galaxy Earrings
              </td>
              <td
                className=""
                onBlur={[Function]}
                onClick={[Function]}
                onKeyDown={[Function]}
                style={null}
              >
                Accessories
              </td>
              <td
                className=""
                onBlur={[Function]}
                onClick={[Function]}
                onKeyDown={[Function]}
                style={null}
              >
                <div
                  className="instock"
                >
                  23
                </div>
              </td>
            </tr>
            <tr
              className=""
              onClick={[Function]}
              onContextMenu={[Function]}
              onDoubleClick={[Function]}
              onDragEnd={[Function]}
              onDragLeave={[Function]}
              onDragOver={[Function]}
              onDragStart={[Function]}
              onDrop={[Function]}
              onKeyDown={[Function]}
              onMouseDown={[Function]}
              onTouchEnd={[Function]}
              style={Object {}}
              tabIndex={null}
            >
              <td
                className=""
                onBlur={[Function]}
                onClick={[Function]}
                onKeyDown={[Function]}
                style={null}
              >
                vbb124btr
              </td>
              <td
                className=""
                onBlur={[Function]}
                onClick={[Function]}
                onKeyDown={[Function]}
                style={null}
              >
                Game Controller
              </td>
              <td
                className=""
                onBlur={[Function]}
                onClick={[Function]}
                onKeyDown={[Function]}
                style={null}
              >
                Electronics
              </td>
              <td
                className=""
                onBlur={[Function]}
                onClick={[Function]}
                onKeyDown={[Function]}
                style={null}
              >
                <div
                  className="lowstock"
                >
                  2
                </div>
              </td>
            </tr>
            <tr
              className=""
              onClick={[Function]}
              onContextMenu={[Function]}
              onDoubleClick={[Function]}
              onDragEnd={[Function]}
              onDragLeave={[Function]}
              onDragOver={[Function]}
              onDragStart={[Function]}
              onDrop={[Function]}
              onKeyDown={[Function]}
              onMouseDown={[Function]}
              onTouchEnd={[Function]}
              style={Object {}}
              tabIndex={null}
            >
              <td
                className=""
                onBlur={[Function]}
                onClick={[Function]}
                onKeyDown={[Function]}
                style={null}
              >
                cm230f032
              </td>
              <td
                className=""
                onBlur={[Function]}
                onClick={[Function]}
                onKeyDown={[Function]}
                style={null}
              >
                Gaming Set
              </td>
              <td
                className=""
                onBlur={[Function]}
                onClick={[Function]}
                onKeyDown={[Function]}
                style={null}
              >
                Electronics
              </td>
              <td
                className=""
                onBlur={[Function]}
                onClick={[Function]}
                onKeyDown={[Function]}
                style={null}
              >
                <div
                  className="instock"
                >
                  63
                </div>
              </td>
            </tr>
          </tbody>
        </table>
      </div>
      <span
        className="pi pi-arrow-down p-datatable-reorder-indicator-up"
        style={
          Object {
            "display": "none",
            "position": "absolute",
          }
        }
      />
      <span
        className="pi pi-arrow-up p-datatable-reorder-indicator-down"
        style={
          Object {
            "display": "none",
            "position": "absolute",
          }
        }
      />
    </div>
  </div>
</div>
`;

exports[`Storyshots InboxScreen Default 1`] = `
<div
  className="page lists-show"
>
  <nav>
    <h1
      className="title-page"
    >
      <span
        className="title-wrapper"
      >
        Taskbox
      </span>
    </h1>
  </nav>
  <div
    className="list-items"
  >
    <div
      className="list-item TASK_INBOX"
    >
      <label
        className="checkbox"
      >
        <input
          defaultChecked={false}
          disabled={true}
          name="checked"
          type="checkbox"
        />
        <span
          className="checkbox-custom"
          onClick={[Function]}
        />
      </label>
      <div
        className="title"
      >
        <input
          placeholder="Input title"
          readOnly={true}
          type="text"
          value="Task 1"
        />
      </div>
      <div
        className="actions"
        onClick={[Function]}
      >
        <a
          onClick={[Function]}
        >
          <span
            className="icon-star"
          />
        </a>
      </div>
    </div>
    <div
      className="list-item TASK_INBOX"
    >
      <label
        className="checkbox"
      >
        <input
          defaultChecked={false}
          disabled={true}
          name="checked"
          type="checkbox"
        />
        <span
          className="checkbox-custom"
          onClick={[Function]}
        />
      </label>
      <div
        className="title"
      >
        <input
          placeholder="Input title"
          readOnly={true}
          type="text"
          value="Task 2"
        />
      </div>
      <div
        className="actions"
        onClick={[Function]}
      >
        <a
          onClick={[Function]}
        >
          <span
            className="icon-star"
          />
        </a>
      </div>
    </div>
    <div
      className="list-item TASK_INBOX"
    >
      <label
        className="checkbox"
      >
        <input
          defaultChecked={false}
          disabled={true}
          name="checked"
          type="checkbox"
        />
        <span
          className="checkbox-custom"
          onClick={[Function]}
        />
      </label>
      <div
        className="title"
      >
        <input
          placeholder="Input title"
          readOnly={true}
          type="text"
          value="Task 3"
        />
      </div>
      <div
        className="actions"
        onClick={[Function]}
      >
        <a
          onClick={[Function]}
        >
          <span
            className="icon-star"
          />
        </a>
      </div>
    </div>
    <div
      className="list-item TASK_INBOX"
    >
      <label
        className="checkbox"
      >
        <input
          defaultChecked={false}
          disabled={true}
          name="checked"
          type="checkbox"
        />
        <span
          className="checkbox-custom"
          onClick={[Function]}
        />
      </label>
      <div
        className="title"
      >
        <input
          placeholder="Input title"
          readOnly={true}
          type="text"
          value="Task 4"
        />
      </div>
      <div
        className="actions"
        onClick={[Function]}
      >
        <a
          onClick={[Function]}
        >
          <span
            className="icon-star"
          />
        </a>
      </div>
    </div>
    <div
      className="list-item TASK_INBOX"
    >
      <label
        className="checkbox"
      >
        <input
          defaultChecked={false}
          disabled={true}
          name="checked"
          type="checkbox"
        />
        <span
          className="checkbox-custom"
          onClick={[Function]}
        />
      </label>
      <div
        className="title"
      >
        <input
          placeholder="Input title"
          readOnly={true}
          type="text"
          value="Task 5"
        />
      </div>
      <div
        className="actions"
        onClick={[Function]}
      >
        <a
          onClick={[Function]}
        >
          <span
            className="icon-star"
          />
        </a>
      </div>
    </div>
    <div
      className="list-item TASK_INBOX"
    >
      <label
        className="checkbox"
      >
        <input
          defaultChecked={false}
          disabled={true}
          name="checked"
          type="checkbox"
        />
        <span
          className="checkbox-custom"
          onClick={[Function]}
        />
      </label>
      <div
        className="title"
      >
        <input
          placeholder="Input title"
          readOnly={true}
          type="text"
          value="Task 6"
        />
      </div>
      <div
        className="actions"
        onClick={[Function]}
      >
        <a
          onClick={[Function]}
        >
          <span
            className="icon-star"
          />
        </a>
      </div>
    </div>
  </div>
</div>
`;

exports[`Storyshots InboxScreen Error 1`] = `
<div
  className="page lists-show"
>
  <div
    className="wrapper-message"
  >
    <span
      className="icon-face-sad"
    />
    <div
      className="title-message"
    >
      Oh no!
    </div>
    <div
      className="subtitle-message"
    >
      Something went wrong
    </div>
  </div>
</div>
`;

exports[`Storyshots Task Archived 1`] = `
<div
  className="list-item TASK_ARCHIVED"
>
  <label
    className="checkbox"
  >
    <input
      defaultChecked={true}
      disabled={true}
      name="checked"
      type="checkbox"
    />
    <span
      className="checkbox-custom"
      onClick={[Function]}
    />
  </label>
  <div
    className="title"
  >
    <input
      placeholder="Input title"
      readOnly={true}
      type="text"
      value="Test Task"
    />
  </div>
  <div
    className="actions"
    onClick={[Function]}
  />
</div>
`;

exports[`Storyshots Task Default 1`] = `
<div
  className="list-item TASK_INBOX"
>
  <label
    className="checkbox"
  >
    <input
      defaultChecked={false}
      disabled={true}
      name="checked"
      type="checkbox"
    />
    <span
      className="checkbox-custom"
      onClick={[Function]}
    />
  </label>
  <div
    className="title"
  >
    <input
      placeholder="Input title"
      readOnly={true}
      type="text"
      value="Test Task"
    />
  </div>
  <div
    className="actions"
    onClick={[Function]}
  >
    <a
      onClick={[Function]}
    >
      <span
        className="icon-star"
      />
    </a>
  </div>
</div>
`;

exports[`Storyshots Task Pinned 1`] = `
<div
  className="list-item TASK_PINNED"
>
  <label
    className="checkbox"
  >
    <input
      defaultChecked={false}
      disabled={true}
      name="checked"
      type="checkbox"
    />
    <span
      className="checkbox-custom"
      onClick={[Function]}
    />
  </label>
  <div
    className="title"
  >
    <input
      placeholder="Input title"
      readOnly={true}
      type="text"
      value="Test Task"
    />
  </div>
  <div
    className="actions"
    onClick={[Function]}
  >
    <a
      onClick={[Function]}
    >
      <span
        className="icon-star"
      />
    </a>
  </div>
</div>
`;

exports[`Storyshots TaskList Default 1`] = `
<div
  style={
    Object {
      "padding": "3rem",
    }
  }
>
  <div
    className="list-items"
  >
    <div
      className="list-item TASK_INBOX"
    >
      <label
        className="checkbox"
      >
        <input
          defaultChecked={false}
          disabled={true}
          name="checked"
          type="checkbox"
        />
        <span
          className="checkbox-custom"
          onClick={[Function]}
        />
      </label>
      <div
        className="title"
      >
        <input
          placeholder="Input title"
          readOnly={true}
          type="text"
          value="Task 1"
        />
      </div>
      <div
        className="actions"
        onClick={[Function]}
      >
        <a
          onClick={[Function]}
        >
          <span
            className="icon-star"
          />
        </a>
      </div>
    </div>
    <div
      className="list-item TASK_INBOX"
    >
      <label
        className="checkbox"
      >
        <input
          defaultChecked={false}
          disabled={true}
          name="checked"
          type="checkbox"
        />
        <span
          className="checkbox-custom"
          onClick={[Function]}
        />
      </label>
      <div
        className="title"
      >
        <input
          placeholder="Input title"
          readOnly={true}
          type="text"
          value="Task 2"
        />
      </div>
      <div
        className="actions"
        onClick={[Function]}
      >
        <a
          onClick={[Function]}
        >
          <span
            className="icon-star"
          />
        </a>
      </div>
    </div>
    <div
      className="list-item TASK_INBOX"
    >
      <label
        className="checkbox"
      >
        <input
          defaultChecked={false}
          disabled={true}
          name="checked"
          type="checkbox"
        />
        <span
          className="checkbox-custom"
          onClick={[Function]}
        />
      </label>
      <div
        className="title"
      >
        <input
          placeholder="Input title"
          readOnly={true}
          type="text"
          value="Task 3"
        />
      </div>
      <div
        className="actions"
        onClick={[Function]}
      >
        <a
          onClick={[Function]}
        >
          <span
            className="icon-star"
          />
        </a>
      </div>
    </div>
    <div
      className="list-item TASK_INBOX"
    >
      <label
        className="checkbox"
      >
        <input
          defaultChecked={false}
          disabled={true}
          name="checked"
          type="checkbox"
        />
        <span
          className="checkbox-custom"
          onClick={[Function]}
        />
      </label>
      <div
        className="title"
      >
        <input
          placeholder="Input title"
          readOnly={true}
          type="text"
          value="Task 4"
        />
      </div>
      <div
        className="actions"
        onClick={[Function]}
      >
        <a
          onClick={[Function]}
        >
          <span
            className="icon-star"
          />
        </a>
      </div>
    </div>
    <div
      className="list-item TASK_INBOX"
    >
      <label
        className="checkbox"
      >
        <input
          defaultChecked={false}
          disabled={true}
          name="checked"
          type="checkbox"
        />
        <span
          className="checkbox-custom"
          onClick={[Function]}
        />
      </label>
      <div
        className="title"
      >
        <input
          placeholder="Input title"
          readOnly={true}
          type="text"
          value="Task 5"
        />
      </div>
      <div
        className="actions"
        onClick={[Function]}
      >
        <a
          onClick={[Function]}
        >
          <span
            className="icon-star"
          />
        </a>
      </div>
    </div>
    <div
      className="list-item TASK_INBOX"
    >
      <label
        className="checkbox"
      >
        <input
          defaultChecked={false}
          disabled={true}
          name="checked"
          type="checkbox"
        />
        <span
          className="checkbox-custom"
          onClick={[Function]}
        />
      </label>
      <div
        className="title"
      >
        <input
          placeholder="Input title"
          readOnly={true}
          type="text"
          value="Task 6"
        />
      </div>
      <div
        className="actions"
        onClick={[Function]}
      >
        <a
          onClick={[Function]}
        >
          <span
            className="icon-star"
          />
        </a>
      </div>
    </div>
  </div>
</div>
`;

exports[`Storyshots TaskList Empty 1`] = `
<div
  style={
    Object {
      "padding": "3rem",
    }
  }
>
  <div
    className="list-items"
  >
    <div
      className="wrapper-message"
    >
      <span
        className="icon-check"
      />
      <div
        className="title-message"
      >
        You have no tasks
      </div>
      <div
        className="subtitle-message"
      >
        Sit back and relax
      </div>
    </div>
  </div>
</div>
`;

exports[`Storyshots TaskList Loading 1`] = `
<div
  style={
    Object {
      "padding": "3rem",
    }
  }
>
  <div
    className="list-items"
  >
    <div
      className="loading-item"
    >
      <span
        className="glow-checkbox"
      />
      <span
        className="glow-text"
      >
        <span>
          Loading
        </span>
         
        <span>
          cool
        </span>
         
        <span>
          state
        </span>
      </span>
    </div>
    <div
      className="loading-item"
    >
      <span
        className="glow-checkbox"
      />
      <span
        className="glow-text"
      >
        <span>
          Loading
        </span>
         
        <span>
          cool
        </span>
         
        <span>
          state
        </span>
      </span>
    </div>
    <div
      className="loading-item"
    >
      <span
        className="glow-checkbox"
      />
      <span
        className="glow-text"
      >
        <span>
          Loading
        </span>
         
        <span>
          cool
        </span>
         
        <span>
          state
        </span>
      </span>
    </div>
    <div
      className="loading-item"
    >
      <span
        className="glow-checkbox"
      />
      <span
        className="glow-text"
      >
        <span>
          Loading
        </span>
         
        <span>
          cool
        </span>
         
        <span>
          state
        </span>
      </span>
    </div>
    <div
      className="loading-item"
    >
      <span
        className="glow-checkbox"
      />
      <span
        className="glow-text"
      >
        <span>
          Loading
        </span>
         
        <span>
          cool
        </span>
         
        <span>
          state
        </span>
      </span>
    </div>
    <div
      className="loading-item"
    >
      <span
        className="glow-checkbox"
      />
      <span
        className="glow-text"
      >
        <span>
          Loading
        </span>
         
        <span>
          cool
        </span>
         
        <span>
          state
        </span>
      </span>
    </div>
  </div>
</div>
`;

exports[`Storyshots TaskList With Pinned Tasks 1`] = `
<div
  style={
    Object {
      "padding": "3rem",
    }
  }
>
  <div
    className="list-items"
  >
    <div
      className="list-item TASK_PINNED"
    >
      <label
        className="checkbox"
      >
        <input
          defaultChecked={false}
          disabled={true}
          name="checked"
          type="checkbox"
        />
        <span
          className="checkbox-custom"
          onClick={[Function]}
        />
      </label>
      <div
        className="title"
      >
        <input
          placeholder="Input title"
          readOnly={true}
          type="text"
          value="Task 6 (pinned)"
        />
      </div>
      <div
        className="actions"
        onClick={[Function]}
      >
        <a
          onClick={[Function]}
        >
          <span
            className="icon-star"
          />
        </a>
      </div>
    </div>
    <div
      className="list-item TASK_INBOX"
    >
      <label
        className="checkbox"
      >
        <input
          defaultChecked={false}
          disabled={true}
          name="checked"
          type="checkbox"
        />
        <span
          className="checkbox-custom"
          onClick={[Function]}
        />
      </label>
      <div
        className="title"
      >
        <input
          placeholder="Input title"
          readOnly={true}
          type="text"
          value="Task 1"
        />
      </div>
      <div
        className="actions"
        onClick={[Function]}
      >
        <a
          onClick={[Function]}
        >
          <span
            className="icon-star"
          />
        </a>
      </div>
    </div>
    <div
      className="list-item TASK_INBOX"
    >
      <label
        className="checkbox"
      >
        <input
          defaultChecked={false}
          disabled={true}
          name="checked"
          type="checkbox"
        />
        <span
          className="checkbox-custom"
          onClick={[Function]}
        />
      </label>
      <div
        className="title"
      >
        <input
          placeholder="Input title"
          readOnly={true}
          type="text"
          value="Task 2"
        />
      </div>
      <div
        className="actions"
        onClick={[Function]}
      >
        <a
          onClick={[Function]}
        >
          <span
            className="icon-star"
          />
        </a>
      </div>
    </div>
    <div
      className="list-item TASK_INBOX"
    >
      <label
        className="checkbox"
      >
        <input
          defaultChecked={false}
          disabled={true}
          name="checked"
          type="checkbox"
        />
        <span
          className="checkbox-custom"
          onClick={[Function]}
        />
      </label>
      <div
        className="title"
      >
        <input
          placeholder="Input title"
          readOnly={true}
          type="text"
          value="Task 3"
        />
      </div>
      <div
        className="actions"
        onClick={[Function]}
      >
        <a
          onClick={[Function]}
        >
          <span
            className="icon-star"
          />
        </a>
      </div>
    </div>
    <div
      className="list-item TASK_INBOX"
    >
      <label
        className="checkbox"
      >
        <input
          defaultChecked={false}
          disabled={true}
          name="checked"
          type="checkbox"
        />
        <span
          className="checkbox-custom"
          onClick={[Function]}
        />
      </label>
      <div
        className="title"
      >
        <input
          placeholder="Input title"
          readOnly={true}
          type="text"
          value="Task 4"
        />
      </div>
      <div
        className="actions"
        onClick={[Function]}
      >
        <a
          onClick={[Function]}
        >
          <span
            className="icon-star"
          />
        </a>
      </div>
    </div>
    <div
      className="list-item TASK_INBOX"
    >
      <label
        className="checkbox"
      >
        <input
          defaultChecked={false}
          disabled={true}
          name="checked"
          type="checkbox"
        />
        <span
          className="checkbox-custom"
          onClick={[Function]}
        />
      </label>
      <div
        className="title"
      >
        <input
          placeholder="Input title"
          readOnly={true}
          type="text"
          value="Task 5"
        />
      </div>
      <div
        className="actions"
        onClick={[Function]}
      >
        <a
          onClick={[Function]}
        >
          <span
            className="icon-star"
          />
        </a>
      </div>
    </div>
  </div>
</div>
`;
